Copyright 1986-2021 Xilinx, Inc. All Rights Reserved.
-------------------------------------------------------------------------------------------------
| Tool Version : Vivado v.2021.2 (win64) Build 3367213 Tue Oct 19 02:48:09 MDT 2021
| Date         : Tue Aug 25 13:59:15 2026
| Host         : DESKTOP-27KRDOC running 64-bit major release  (build 9200)
| Command      : report_utilization -file C:/A7_M2/EXAMPLES/XDMA_DDR3/scripts/util_with_core.rpt
| Design       : xdma_ddr3_core_top
| Device       : xc7a200tfbg484-2
| Speed File   : -2
| Design State : Synthesized
-------------------------------------------------------------------------------------------------

Utilization Design Information

Table of Contents
-----------------
1. Slice Logic
1.1 Summary of Registers by Type
2. Memory
3. DSP
4. IO and GT Specific
5. Clocking
6. Specific Feature
7. Primitives
8. Black Boxes
9. Instantiated Netlists

1. Slice Logic
--------------

+----------------------------+--------+-------+------------+-----------+-------+
|          Site Type         |  Used  | Fixed | Prohibited | Available | Util% |
+----------------------------+--------+-------+------------+-----------+-------+
| Slice LUTs*                | 103566 |     0 |          0 |    134600 | 76.94 |
|   LUT as Logic             |  98121 |     0 |          0 |    134600 | 72.90 |
|   LUT as Memory            |   5445 |     0 |          0 |     46200 | 11.79 |
|     LUT as Distributed RAM |   4708 |     0 |            |           |       |
|     LUT as Shift Register  |    737 |     0 |            |           |       |
| Slice Registers            |  63608 |     2 |          0 |    269200 | 23.63 |
|   Register as Flip Flop    |  63596 |     2 |          0 |    269200 | 23.62 |
|   Register as Latch        |      0 |     0 |          0 |    269200 |  0.00 |
|   Register as AND/OR       |     12 |     0 |          0 |    269200 | <0.01 |
| F7 Muxes                   |    666 |     0 |          0 |     67300 |  0.99 |
| F8 Muxes                   |     39 |     0 |          0 |     33650 |  0.12 |
+----------------------------+--------+-------+------------+-----------+-------+
* Warning! The Final LUT count, after physical optimizations and full implementation, is typically lower. Run opt_design after synthesis, if not already completed, for a more realistic count.


1.1 Summary of Registers by Type
--------------------------------

+-------+--------------+-------------+--------------+
| Total | Clock Enable | Synchronous | Asynchronous |
+-------+--------------+-------------+--------------+
| 12    |            _ |           - |            - |
| 0     |            _ |           - |          Set |
| 0     |            _ |           - |        Reset |
| 0     |            _ |         Set |            - |
| 0     |            _ |       Reset |            - |
| 0     |          Yes |           - |            - |
| 218   |          Yes |           - |          Set |
| 19844 |          Yes |           - |        Reset |
| 877   |          Yes |         Set |            - |
| 42657 |          Yes |       Reset |            - |
+-------+--------------+-------------+--------------+


2. Memory
---------

+-------------------+------+-------+------------+-----------+-------+
|     Site Type     | Used | Fixed | Prohibited | Available | Util% |
+-------------------+------+-------+------------+-----------+-------+
| Block RAM Tile    | 36.5 |     0 |          0 |       365 | 10.00 |
|   RAMB36/FIFO*    |   36 |     8 |          0 |       365 |  9.86 |
|     RAMB36E1 only |   36 |       |            |           |       |
|   RAMB18          |    1 |     0 |          0 |       730 |  0.14 |
|     RAMB18E1 only |    1 |       |            |           |       |
+-------------------+------+-------+------------+-----------+-------+
* Note: Each Block RAM Tile only has one FIFO logic available and therefore can accommodate only one FIFO36E1 or one FIFO18E1. However, if a FIFO18E1 occupies a Block RAM Tile, that tile can still accommodate a RAMB18E1


3. DSP
------

+----------------+------+-------+------------+-----------+-------+
|    Site Type   | Used | Fixed | Prohibited | Available | Util% |
+----------------+------+-------+------------+-----------+-------+
| DSPs           |    1 |     0 |          0 |       740 |  0.14 |
|   DSP48E1 only |    1 |       |            |           |       |
+----------------+------+-------+------------+-----------+-------+


4. IO and GT Specific
---------------------

+-----------------------------+------+-------+------------+-----------+--------+
|          Site Type          | Used | Fixed | Prohibited | Available |  Util% |
+-----------------------------+------+-------+------------+-----------+--------+
| Bonded IOB                  |   52 |    52 |          0 |       285 |  18.25 |
|   IOB Master Pads           |   26 |       |            |           |        |
|   IOB Slave Pads            |   24 |       |            |           |        |
| Bonded IPADs                |   10 |    10 |          0 |        14 |  71.43 |
| Bonded OPADs                |    8 |     8 |          0 |         8 | 100.00 |
| PHY_CONTROL                 |    1 |     1 |          0 |        10 |  10.00 |
| PHASER_REF                  |    1 |     1 |          0 |        10 |  10.00 |
| OUT_FIFO                    |    4 |     4 |          0 |        40 |  10.00 |
| IN_FIFO                     |    2 |     2 |          0 |        40 |   5.00 |
| IDELAYCTRL                  |    1 |     0 |          0 |        10 |  10.00 |
| IBUFDS                      |    0 |     0 |          0 |       274 |   0.00 |
| GTPE2_CHANNEL               |    4 |     4 |          0 |         4 | 100.00 |
| PHASER_OUT/PHASER_OUT_PHY   |    4 |     4 |          0 |        40 |  10.00 |
|   PHASER_OUT_PHY only       |    4 |     4 |            |           |        |
| PHASER_IN/PHASER_IN_PHY     |    2 |     2 |          0 |        40 |   5.00 |
|   PHASER_IN_PHY only        |    2 |     2 |            |           |        |
| IDELAYE2/IDELAYE2_FINEDELAY |   16 |    16 |          0 |       500 |   3.20 |
|   IDELAYE2 only             |   16 |    16 |            |           |        |
| IBUFDS_GTE2                 |    1 |     1 |          0 |         2 |  50.00 |
| ILOGIC                      |   18 |    18 |          0 |       285 |   6.32 |
|   IFF_IDDR_Register         |    2 |     2 |            |           |        |
|   ISERDES                   |   16 |    16 |          0 |       285 |        |
| OLOGIC                      |   46 |    46 |          0 |       285 |  16.14 |
|   OUTFF_ODDR_Register       |    3 |     3 |            |           |        |
|   TFF_ODDR_Register         |    2 |     2 |            |           |        |
|   OSERDES                   |   43 |    43 |          0 |       285 |        |
+-----------------------------+------+-------+------------+-----------+--------+


5. Clocking
-----------

+------------+------+-------+------------+-----------+-------+
|  Site Type | Used | Fixed | Prohibited | Available | Util% |
+------------+------+-------+------------+-----------+-------+
| BUFGCTRL   |    9 |     0 |          0 |        32 | 28.13 |
| BUFIO      |    0 |     0 |          0 |        40 |  0.00 |
| MMCME2_ADV |    2 |     1 |          0 |        10 | 20.00 |
| PLLE2_ADV  |    1 |     1 |          0 |        10 | 10.00 |
| BUFMRCE    |    0 |     0 |          0 |        20 |  0.00 |
| BUFHCE     |    1 |     0 |          0 |       120 |  0.83 |
| BUFR       |    0 |     0 |          0 |        40 |  0.00 |
+------------+------+-------+------------+-----------+-------+


6. Specific Feature
-------------------

+-------------+------+-------+------------+-----------+--------+
|  Site Type  | Used | Fixed | Prohibited | Available |  Util% |
+-------------+------+-------+------------+-----------+--------+
| BSCANE2     |    0 |     0 |          0 |         4 |   0.00 |
| CAPTUREE2   |    0 |     0 |          0 |         1 |   0.00 |
| DNA_PORT    |    0 |     0 |          0 |         1 |   0.00 |
| EFUSE_USR   |    0 |     0 |          0 |         1 |   0.00 |
| FRAME_ECCE2 |    0 |     0 |          0 |         1 |   0.00 |
| ICAPE2      |    1 |     0 |          0 |         2 |  50.00 |
| PCIE_2_1    |    1 |     1 |          0 |         1 | 100.00 |
| STARTUPE2   |    0 |     0 |          0 |         1 |   0.00 |
| XADC        |    2 |     0 |          0 |         1 | 200.00 |
+-------------+------+-------+------------+-----------+--------+


7. Primitives
-------------

+--------------------------+-------+----------------------+
|         Ref Name         |  Used |  Functional Category |
+--------------------------+-------+----------------------+
| FDRE                     | 42657 |         Flop & Latch |
| LUT6                     | 32718 |                  LUT |
| LUT3                     | 25035 |                  LUT |
| LUT4                     | 23617 |                  LUT |
| FDCE                     | 19844 |         Flop & Latch |
| LUT2                     | 18473 |                  LUT |
| LUT5                     | 14409 |                  LUT |
| CARRY4                   | 12524 |           CarryLogic |
| RAMD32                   |  6828 |   Distributed Memory |
| LUT1                     |  6325 |                  LUT |
| RAMS32                   |  2219 |   Distributed Memory |
| FDSE                     |   877 |         Flop & Latch |
| MUXF7                    |   666 |                MuxFx |
| SRLC32E                  |   522 |   Distributed Memory |
| FDPE                     |   218 |         Flop & Latch |
| SRL16E                   |   215 |   Distributed Memory |
| RAMD64E                  |    64 |   Distributed Memory |
| OSERDESE2                |    43 |                   IO |
| MUXF8                    |    39 |                MuxFx |
| RAMB36E1                 |    36 |         Block Memory |
| OBUF                     |    35 |                   IO |
| OBUFT                    |    18 |                   IO |
| ISERDESE2                |    16 |                   IO |
| IDELAYE2                 |    16 |                   IO |
| IBUF_INTERMDISABLE       |    16 |                   IO |
| IBUF                     |    11 |                   IO |
| AND2B1L                  |    10 |               Others |
| RAMS64E                  |     9 |   Distributed Memory |
| BUFG                     |     8 |                Clock |
| ODDR                     |     5 |                   IO |
| PHASER_OUT_PHY           |     4 |                   IO |
| OUT_FIFO                 |     4 |                   IO |
| OBUFTDS                  |     4 |                   IO |
| IBUFDS_INTERMDISABLE_INT |     4 |                   IO |
| GTPE2_CHANNEL            |     4 |                   IO |
| INV                      |     3 |                  LUT |
| XADC                     |     2 |               Others |
| PHASER_IN_PHY            |     2 |                   IO |
| OR2L                     |     2 |               Others |
| OBUFDS                   |     2 |                   IO |
| MMCME2_ADV               |     2 |                Clock |
| IN_FIFO                  |     2 |                   IO |
| IDDR                     |     2 |                   IO |
| RAMB18E1                 |     1 |         Block Memory |
| PLLE2_ADV                |     1 |                Clock |
| PHY_CONTROL              |     1 |                   IO |
| PHASER_REF               |     1 |                   IO |
| PCIE_2_1                 |     1 | Specialized Resource |
| IDELAYCTRL               |     1 |                   IO |
| ICAPE2                   |     1 |               Others |
| IBUFDS_GTE2              |     1 |                   IO |
| GTPE2_COMMON             |     1 |                   IO |
| DSP48E1                  |     1 |     Block Arithmetic |
| BUFH                     |     1 |                Clock |
| BUFGCTRL                 |     1 |                Clock |
+--------------------------+-------+----------------------+


8. Black Boxes
--------------

+----------+------+
| Ref Name | Used |
+----------+------+


9. Instantiated Netlists
------------------------

+------------------------------------+------+
|              Ref Name              | Used |
+------------------------------------+------+
| xdma_ddr3_xdma_0_0                 |    1 |
| xdma_ddr3_xbar_0                   |    1 |
| xdma_ddr3_util_ds_buf_0            |    1 |
| xdma_ddr3_rst_mig_7series_0_100M_0 |    1 |
| xdma_ddr3_mig_7series_0_0          |    1 |
| xdma_ddr3_axi_smc_0                |    1 |
| xdma_ddr3_axi_gpio_0_0             |    1 |
| xdma_ddr3_axi_bram_ctrl_0_bram_0   |    1 |
| xdma_ddr3_axi_bram_ctrl_0_0        |    1 |
+------------------------------------+------+


